Archive member included to satisfy reference by file (symbol)

d:/career/atmel/7.0/toolchain/avr8/avr8-gnu-toolchain/bin/../lib/gcc/avr/5.4.0/avr5\libgcc.a(_exit.o)
                              D:/career/Atmel/7.0/Packs/atmel/ATmega_DFP/1.7.374/gcc/dev/atmega32a/avr5/crtatmega32a.o (exit)
d:/career/atmel/7.0/toolchain/avr8/avr8-gnu-toolchain/bin/../lib/gcc/avr/5.4.0/avr5\libgcc.a(_clear_bss.o)
                              Application/application.o (__do_clear_bss)

Discarded input sections

 .data          0x00000000        0x0 D:/career/Atmel/7.0/Packs/atmel/ATmega_DFP/1.7.374/gcc/dev/atmega32a/avr5/crtatmega32a.o
 .bss           0x00000000        0x0 D:/career/Atmel/7.0/Packs/atmel/ATmega_DFP/1.7.374/gcc/dev/atmega32a/avr5/crtatmega32a.o
 .text          0x00000000        0x0 Application/application.o
 .data          0x00000000        0x0 Application/application.o
 .bss           0x00000000        0x0 Application/application.o
 .text          0x00000000        0x0 ECUAL/Button Driver/button.o
 .data          0x00000000        0x0 ECUAL/Button Driver/button.o
 .bss           0x00000000        0x0 ECUAL/Button Driver/button.o
 .text.Button_read
                0x00000000        0x8 ECUAL/Button Driver/button.o
 .text          0x00000000        0x0 ECUAL/LED Driver/led.o
 .data          0x00000000        0x0 ECUAL/LED Driver/led.o
 .bss           0x00000000        0x0 ECUAL/LED Driver/led.o
 .text          0x00000000        0x0 main.o
 .data          0x00000000        0x0 main.o
 .bss           0x00000000        0x0 main.o
 .text          0x00000000        0x0 MCAL/DIO Driver/dio.o
 .data          0x00000000        0x0 MCAL/DIO Driver/dio.o
 .bss           0x00000000        0x0 MCAL/DIO Driver/dio.o
 .text.DIO_read
                0x00000000       0x7a MCAL/DIO Driver/dio.o
 .text          0x00000000        0x0 MCAL/Ext interrupt Driver/interrupt.o
 .data          0x00000000        0x0 MCAL/Ext interrupt Driver/interrupt.o
 .bss           0x00000000        0x0 MCAL/Ext interrupt Driver/interrupt.o
 .text.interrupt_wait_for_flag
                0x00000000       0x40 MCAL/Ext interrupt Driver/interrupt.o
 .text.interrupt_disable
                0x00000000       0x2e MCAL/Ext interrupt Driver/interrupt.o
 .text          0x00000000        0x0 MCAL/Timer0 Driver/timer.o
 .data          0x00000000        0x0 MCAL/Timer0 Driver/timer.o
 .bss           0x00000000        0x0 MCAL/Timer0 Driver/timer.o
 .text.counter0_start
                0x00000000       0x3a MCAL/Timer0 Driver/timer.o
 .text.timer0_status
                0x00000000        0xa MCAL/Timer0 Driver/timer.o
 .text          0x00000000        0x0 d:/career/atmel/7.0/toolchain/avr8/avr8-gnu-toolchain/bin/../lib/gcc/avr/5.4.0/avr5\libgcc.a(_exit.o)
 .data          0x00000000        0x0 d:/career/atmel/7.0/toolchain/avr8/avr8-gnu-toolchain/bin/../lib/gcc/avr/5.4.0/avr5\libgcc.a(_exit.o)
 .bss           0x00000000        0x0 d:/career/atmel/7.0/toolchain/avr8/avr8-gnu-toolchain/bin/../lib/gcc/avr/5.4.0/avr5\libgcc.a(_exit.o)
 .text.libgcc.mul
                0x00000000        0x0 d:/career/atmel/7.0/toolchain/avr8/avr8-gnu-toolchain/bin/../lib/gcc/avr/5.4.0/avr5\libgcc.a(_exit.o)
 .text.libgcc.div
                0x00000000        0x0 d:/career/atmel/7.0/toolchain/avr8/avr8-gnu-toolchain/bin/../lib/gcc/avr/5.4.0/avr5\libgcc.a(_exit.o)
 .text.libgcc   0x00000000        0x0 d:/career/atmel/7.0/toolchain/avr8/avr8-gnu-toolchain/bin/../lib/gcc/avr/5.4.0/avr5\libgcc.a(_exit.o)
 .text.libgcc.prologue
                0x00000000        0x0 d:/career/atmel/7.0/toolchain/avr8/avr8-gnu-toolchain/bin/../lib/gcc/avr/5.4.0/avr5\libgcc.a(_exit.o)
 .text.libgcc.builtins
                0x00000000        0x0 d:/career/atmel/7.0/toolchain/avr8/avr8-gnu-toolchain/bin/../lib/gcc/avr/5.4.0/avr5\libgcc.a(_exit.o)
 .text.libgcc.fmul
                0x00000000        0x0 d:/career/atmel/7.0/toolchain/avr8/avr8-gnu-toolchain/bin/../lib/gcc/avr/5.4.0/avr5\libgcc.a(_exit.o)
 .text.libgcc.fixed
                0x00000000        0x0 d:/career/atmel/7.0/toolchain/avr8/avr8-gnu-toolchain/bin/../lib/gcc/avr/5.4.0/avr5\libgcc.a(_exit.o)
 .text          0x00000000        0x0 d:/career/atmel/7.0/toolchain/avr8/avr8-gnu-toolchain/bin/../lib/gcc/avr/5.4.0/avr5\libgcc.a(_clear_bss.o)
 .data          0x00000000        0x0 d:/career/atmel/7.0/toolchain/avr8/avr8-gnu-toolchain/bin/../lib/gcc/avr/5.4.0/avr5\libgcc.a(_clear_bss.o)
 .bss           0x00000000        0x0 d:/career/atmel/7.0/toolchain/avr8/avr8-gnu-toolchain/bin/../lib/gcc/avr/5.4.0/avr5\libgcc.a(_clear_bss.o)
 .text.libgcc.mul
                0x00000000        0x0 d:/career/atmel/7.0/toolchain/avr8/avr8-gnu-toolchain/bin/../lib/gcc/avr/5.4.0/avr5\libgcc.a(_clear_bss.o)
 .text.libgcc.div
                0x00000000        0x0 d:/career/atmel/7.0/toolchain/avr8/avr8-gnu-toolchain/bin/../lib/gcc/avr/5.4.0/avr5\libgcc.a(_clear_bss.o)
 .text.libgcc   0x00000000        0x0 d:/career/atmel/7.0/toolchain/avr8/avr8-gnu-toolchain/bin/../lib/gcc/avr/5.4.0/avr5\libgcc.a(_clear_bss.o)
 .text.libgcc.prologue
                0x00000000        0x0 d:/career/atmel/7.0/toolchain/avr8/avr8-gnu-toolchain/bin/../lib/gcc/avr/5.4.0/avr5\libgcc.a(_clear_bss.o)
 .text.libgcc.builtins
                0x00000000        0x0 d:/career/atmel/7.0/toolchain/avr8/avr8-gnu-toolchain/bin/../lib/gcc/avr/5.4.0/avr5\libgcc.a(_clear_bss.o)
 .text.libgcc.fmul
                0x00000000        0x0 d:/career/atmel/7.0/toolchain/avr8/avr8-gnu-toolchain/bin/../lib/gcc/avr/5.4.0/avr5\libgcc.a(_clear_bss.o)
 .text.libgcc.fixed
                0x00000000        0x0 d:/career/atmel/7.0/toolchain/avr8/avr8-gnu-toolchain/bin/../lib/gcc/avr/5.4.0/avr5\libgcc.a(_clear_bss.o)

Memory Configuration

Name             Origin             Length             Attributes
text             0x00000000         0x00008000         xr
data             0x00800060         0x00000800         rw !x
eeprom           0x00810000         0x00000400         rw !x
fuse             0x00820000         0x00000002         rw !x
lock             0x00830000         0x00000400         rw !x
signature        0x00840000         0x00000400         rw !x
user_signatures  0x00850000         0x00000400         rw !x
*default*        0x00000000         0xffffffff

Linker script and memory map

LOAD D:/career/Atmel/7.0/Packs/atmel/ATmega_DFP/1.7.374/gcc/dev/atmega32a/avr5/crtatmega32a.o
LOAD Application/application.o
LOAD ECUAL/Button Driver/button.o
LOAD ECUAL/LED Driver/led.o
LOAD main.o
LOAD MCAL/DIO Driver/dio.o
LOAD MCAL/Ext interrupt Driver/interrupt.o
LOAD MCAL/Timer0 Driver/timer.o
START GROUP
LOAD d:/career/atmel/7.0/toolchain/avr8/avr8-gnu-toolchain/bin/../lib/gcc/avr/5.4.0/../../../../avr/lib/avr5\libm.a
END GROUP
START GROUP
LOAD d:/career/atmel/7.0/toolchain/avr8/avr8-gnu-toolchain/bin/../lib/gcc/avr/5.4.0/avr5\libgcc.a
LOAD d:/career/atmel/7.0/toolchain/avr8/avr8-gnu-toolchain/bin/../lib/gcc/avr/5.4.0/../../../../avr/lib/avr5\libm.a
LOAD d:/career/atmel/7.0/toolchain/avr8/avr8-gnu-toolchain/bin/../lib/gcc/avr/5.4.0/../../../../avr/lib/avr5\libc.a
LOAD D:/career/Atmel/7.0/Packs/atmel/ATmega_DFP/1.7.374/gcc/dev/atmega32a/avr5\libatmega32a.a
END GROUP
                [0x00000000]                __TEXT_REGION_ORIGIN__ = DEFINED (__TEXT_REGION_ORIGIN__)?__TEXT_REGION_ORIGIN__:0x0
                [0x00800060]                __DATA_REGION_ORIGIN__ = DEFINED (__DATA_REGION_ORIGIN__)?__DATA_REGION_ORIGIN__:0x800060
                [0x00008000]                __TEXT_REGION_LENGTH__ = DEFINED (__TEXT_REGION_LENGTH__)?__TEXT_REGION_LENGTH__:0x20000
                [0x00000800]                __DATA_REGION_LENGTH__ = DEFINED (__DATA_REGION_LENGTH__)?__DATA_REGION_LENGTH__:0xffa0
                [0x00000400]                __EEPROM_REGION_LENGTH__ = DEFINED (__EEPROM_REGION_LENGTH__)?__EEPROM_REGION_LENGTH__:0x10000
                [0x00000002]                __FUSE_REGION_LENGTH__ = DEFINED (__FUSE_REGION_LENGTH__)?__FUSE_REGION_LENGTH__:0x400
                0x00000400                __LOCK_REGION_LENGTH__ = DEFINED (__LOCK_REGION_LENGTH__)?__LOCK_REGION_LENGTH__:0x400
                0x00000400                __SIGNATURE_REGION_LENGTH__ = DEFINED (__SIGNATURE_REGION_LENGTH__)?__SIGNATURE_REGION_LENGTH__:0x400
                0x00000400                __USER_SIGNATURE_REGION_LENGTH__ = DEFINED (__USER_SIGNATURE_REGION_LENGTH__)?__USER_SIGNATURE_REGION_LENGTH__:0x400

.hash
 *(.hash)

.dynsym
 *(.dynsym)

.dynstr
 *(.dynstr)

.gnu.version
 *(.gnu.version)

.gnu.version_d
 *(.gnu.version_d)

.gnu.version_r
 *(.gnu.version_r)

.rel.init
 *(.rel.init)

.rela.init
 *(.rela.init)

.rel.text
 *(.rel.text)
 *(.rel.text.*)
 *(.rel.gnu.linkonce.t*)

.rela.text
 *(.rela.text)
 *(.rela.text.*)
 *(.rela.gnu.linkonce.t*)

.rel.fini
 *(.rel.fini)

.rela.fini
 *(.rela.fini)

.rel.rodata
 *(.rel.rodata)
 *(.rel.rodata.*)
 *(.rel.gnu.linkonce.r*)

.rela.rodata
 *(.rela.rodata)
 *(.rela.rodata.*)
 *(.rela.gnu.linkonce.r*)

.rel.data
 *(.rel.data)
 *(.rel.data.*)
 *(.rel.gnu.linkonce.d*)

.rela.data
 *(.rela.data)
 *(.rela.data.*)
 *(.rela.gnu.linkonce.d*)

.rel.ctors
 *(.rel.ctors)

.rela.ctors
 *(.rela.ctors)

.rel.dtors
 *(.rel.dtors)

.rela.dtors
 *(.rela.dtors)

.rel.got
 *(.rel.got)

.rela.got
 *(.rela.got)

.rel.bss
 *(.rel.bss)

.rela.bss
 *(.rela.bss)

.rel.plt
 *(.rel.plt)

.rela.plt
 *(.rela.plt)

.text           0x00000000      0x7fa
 *(.vectors)
 .vectors       0x00000000       0x54 D:/career/Atmel/7.0/Packs/atmel/ATmega_DFP/1.7.374/gcc/dev/atmega32a/avr5/crtatmega32a.o
                0x00000000                __vector_default
                0x00000000                __vectors
 *(.vectors)
 *(.progmem.gcc*)
                0x00000054                . = ALIGN (0x2)
                0x00000054                __trampolines_start = .
 *(.trampolines)
 .trampolines   0x00000054        0x0 linker stubs
 *(.trampolines*)
                0x00000054                __trampolines_end = .
 *libprintf_flt.a:*(.progmem.data)
 *libc.a:*(.progmem.data)
 *(.progmem*)
                0x00000054                . = ALIGN (0x2)
 *(.jumptables)
 *(.jumptables*)
 *(.lowtext)
 *(.lowtext*)
                0x00000054                __ctors_start = .
 *(.ctors)
                0x00000054                __ctors_end = .
                0x00000054                __dtors_start = .
 *(.dtors)
                0x00000054                __dtors_end = .
 SORT(*)(.ctors)
 SORT(*)(.dtors)
 *(.init0)
 .init0         0x00000054        0x0 D:/career/Atmel/7.0/Packs/atmel/ATmega_DFP/1.7.374/gcc/dev/atmega32a/avr5/crtatmega32a.o
                0x00000054                __init
 *(.init0)
 *(.init1)
 *(.init1)
 *(.init2)
 .init2         0x00000054        0xc D:/career/Atmel/7.0/Packs/atmel/ATmega_DFP/1.7.374/gcc/dev/atmega32a/avr5/crtatmega32a.o
 *(.init2)
 *(.init3)
 *(.init3)
 *(.init4)
 .init4         0x00000060       0x10 d:/career/atmel/7.0/toolchain/avr8/avr8-gnu-toolchain/bin/../lib/gcc/avr/5.4.0/avr5\libgcc.a(_clear_bss.o)
                0x00000060                __do_clear_bss
 *(.init4)
 *(.init5)
 *(.init5)
 *(.init6)
 *(.init6)
 *(.init7)
 *(.init7)
 *(.init8)
 *(.init8)
 *(.init9)
 .init9         0x00000070        0x8 D:/career/Atmel/7.0/Packs/atmel/ATmega_DFP/1.7.374/gcc/dev/atmega32a/avr5/crtatmega32a.o
 *(.init9)
 *(.text)
 .text          0x00000078        0x4 D:/career/Atmel/7.0/Packs/atmel/ATmega_DFP/1.7.374/gcc/dev/atmega32a/avr5/crtatmega32a.o
                0x00000078                __vector_12
                0x00000078                __bad_interrupt
                0x00000078                __vector_6
                0x00000078                __vector_3
                0x00000078                __vector_11
                0x00000078                __vector_13
                0x00000078                __vector_17
                0x00000078                __vector_19
                0x00000078                __vector_7
                0x00000078                __vector_5
                0x00000078                __vector_4
                0x00000078                __vector_9
                0x00000078                __vector_2
                0x00000078                __vector_15
                0x00000078                __vector_8
                0x00000078                __vector_14
                0x00000078                __vector_10
                0x00000078                __vector_16
                0x00000078                __vector_18
                0x00000078                __vector_20
                0x0000007c                . = ALIGN (0x2)
 *(.text.*)
 .text.app_init
                0x0000007c       0x50 Application/application.o
                0x0000007c                app_init
 .text.app_start
                0x000000cc      0x174 Application/application.o
                0x000000cc                app_start
 .text.__vector_1
                0x00000240       0x1e Application/application.o
                0x00000240                __vector_1
 .text.Button_init
                0x0000025e       0x2a ECUAL/Button Driver/button.o
                0x0000025e                Button_init
 .text.LED_init
                0x00000288        0xa ECUAL/LED Driver/led.o
                0x00000288                LED_init
 .text.LED_on   0x00000292        0xa ECUAL/LED Driver/led.o
                0x00000292                LED_on
 .text.LED_off  0x0000029c        0xa ECUAL/LED Driver/led.o
                0x0000029c                LED_off
 .text.LED_toggle
                0x000002a6        0x8 ECUAL/LED Driver/led.o
                0x000002a6                LED_toggle
 .text.main     0x000002ae        0xe main.o
                0x000002ae                main
 .text.DIO_init
                0x000002bc      0x11a MCAL/DIO Driver/dio.o
                0x000002bc                DIO_init
 .text.DIO_write
                0x000003d6      0x11a MCAL/DIO Driver/dio.o
                0x000003d6                DIO_write
 .text.DIO_toggle
                0x000004f0       0x7a MCAL/DIO Driver/dio.o
                0x000004f0                DIO_toggle
 .text.global_interrupt_state
                0x0000056a       0x16 MCAL/Ext interrupt Driver/interrupt.o
                0x0000056a                global_interrupt_state
 .text.interrupt_init
                0x00000580      0x12a MCAL/Ext interrupt Driver/interrupt.o
                0x00000580                interrupt_init
 .text.timer0_init
                0x000006aa       0x50 MCAL/Timer0 Driver/timer.o
                0x000006aa                timer0_init
 .text.timer0_start
                0x000006fa       0x8c MCAL/Timer0 Driver/timer.o
                0x000006fa                timer0_start
 .text.timer0_intial_val
                0x00000786        0x6 MCAL/Timer0 Driver/timer.o
                0x00000786                timer0_intial_val
 .text.timer0_stop
                0x0000078c       0x16 MCAL/Timer0 Driver/timer.o
                0x0000078c                timer0_stop
 .text.timer0_wait_for_flag
                0x000007a2       0x2e MCAL/Timer0 Driver/timer.o
                0x000007a2                timer0_wait_for_flag
 .text.delay    0x000007d0       0x26 MCAL/Timer0 Driver/timer.o
                0x000007d0                delay
                0x000007f6                . = ALIGN (0x2)
 *(.fini9)
 .fini9         0x000007f6        0x0 d:/career/atmel/7.0/toolchain/avr8/avr8-gnu-toolchain/bin/../lib/gcc/avr/5.4.0/avr5\libgcc.a(_exit.o)
                0x000007f6                _exit
                0x000007f6                exit
 *(.fini9)
 *(.fini8)
 *(.fini8)
 *(.fini7)
 *(.fini7)
 *(.fini6)
 *(.fini6)
 *(.fini5)
 *(.fini5)
 *(.fini4)
 *(.fini4)
 *(.fini3)
 *(.fini3)
 *(.fini2)
 *(.fini2)
 *(.fini1)
 *(.fini1)
 *(.fini0)
 .fini0         0x000007f6        0x4 d:/career/atmel/7.0/toolchain/avr8/avr8-gnu-toolchain/bin/../lib/gcc/avr/5.4.0/avr5\libgcc.a(_exit.o)
 *(.fini0)
                0x000007fa                _etext = .

.data           0x00800060        0x0 load address 0x000007fa
                [!provide]                PROVIDE (__data_start, .)
 *(.data)
 *(.data*)
 *(.gnu.linkonce.d*)
 *(.rodata)
 *(.rodata*)
 *(.gnu.linkonce.r*)
                0x00800060                . = ALIGN (0x2)
                0x00800060                _edata = .
                [!provide]                PROVIDE (__data_end, .)

.bss            0x00800060        0x1
                0x00800060                PROVIDE (__bss_start, .)
 *(.bss)
 *(.bss*)
 .bss.mode      0x00800060        0x1 Application/application.o
                0x00800060                mode
 *(COMMON)
                0x00800061                PROVIDE (__bss_end, .)
                0x000007fa                __data_load_start = LOADADDR (.data)
                0x000007fa                __data_load_end = (__data_load_start + SIZEOF (.data))

.noinit         0x00800061        0x0
                [!provide]                PROVIDE (__noinit_start, .)
 *(.noinit*)
                [!provide]                PROVIDE (__noinit_end, .)
                0x00800061                _end = .
                [!provide]                PROVIDE (__heap_start, .)

.eeprom         0x00810000        0x0
 *(.eeprom*)
                0x00810000                __eeprom_end = .

.fuse
 *(.fuse)
 *(.lfuse)
 *(.hfuse)
 *(.efuse)

.lock
 *(.lock*)

.signature
 *(.signature*)

.user_signatures
 *(.user_signatures*)

.stab
 *(.stab)

.stabstr
 *(.stabstr)

.stab.excl
 *(.stab.excl)

.stab.exclstr
 *(.stab.exclstr)

.stab.index
 *(.stab.index)

.stab.indexstr
 *(.stab.indexstr)

.comment        0x00000000       0x30
 *(.comment)
 .comment       0x00000000       0x30 Application/application.o
                                 0x31 (size before relaxing)
 .comment       0x00000030       0x31 ECUAL/Button Driver/button.o
 .comment       0x00000030       0x31 ECUAL/LED Driver/led.o
 .comment       0x00000030       0x31 main.o
 .comment       0x00000030       0x31 MCAL/DIO Driver/dio.o
 .comment       0x00000030       0x31 MCAL/Ext interrupt Driver/interrupt.o
 .comment       0x00000030       0x31 MCAL/Timer0 Driver/timer.o

.note.gnu.avr.deviceinfo
                0x00000000       0x3c
 .note.gnu.avr.deviceinfo
                0x00000000       0x3c D:/career/Atmel/7.0/Packs/atmel/ATmega_DFP/1.7.374/gcc/dev/atmega32a/avr5/crtatmega32a.o

.note.gnu.build-id
 *(.note.gnu.build-id)

.debug
 *(.debug)

.line
 *(.line)

.debug_srcinfo
 *(.debug_srcinfo)

.debug_sfnames
 *(.debug_sfnames)

.debug_aranges  0x00000000      0x178
 *(.debug_aranges)
 .debug_aranges
                0x00000000       0x30 Application/application.o
 .debug_aranges
                0x00000030       0x28 ECUAL/Button Driver/button.o
 .debug_aranges
                0x00000058       0x38 ECUAL/LED Driver/led.o
 .debug_aranges
                0x00000090       0x20 main.o
 .debug_aranges
                0x000000b0       0x38 MCAL/DIO Driver/dio.o
 .debug_aranges
                0x000000e8       0x38 MCAL/Ext interrupt Driver/interrupt.o
 .debug_aranges
                0x00000120       0x58 MCAL/Timer0 Driver/timer.o

.debug_pubnames
 *(.debug_pubnames)

.debug_info     0x00000000     0x14bd
 *(.debug_info .gnu.linkonce.wi.*)
 .debug_info    0x00000000      0x4e6 D:/career/Atmel/7.0/Packs/atmel/ATmega_DFP/1.7.374/gcc/dev/atmega32a/avr5/crtatmega32a.o
 .debug_info    0x000004e6      0x59f Application/application.o
 .debug_info    0x00000a85      0x1c6 ECUAL/Button Driver/button.o
 .debug_info    0x00000c4b      0x22d ECUAL/LED Driver/led.o
 .debug_info    0x00000e78       0xc2 main.o
 .debug_info    0x00000f3a      0x1c1 MCAL/DIO Driver/dio.o
 .debug_info    0x000010fb      0x172 MCAL/Ext interrupt Driver/interrupt.o
 .debug_info    0x0000126d      0x250 MCAL/Timer0 Driver/timer.o

.debug_abbrev   0x00000000      0x9a3
 *(.debug_abbrev)
 .debug_abbrev  0x00000000      0x4a3 D:/career/Atmel/7.0/Packs/atmel/ATmega_DFP/1.7.374/gcc/dev/atmega32a/avr5/crtatmega32a.o
 .debug_abbrev  0x000004a3       0xe5 Application/application.o
 .debug_abbrev  0x00000588       0xce ECUAL/Button Driver/button.o
 .debug_abbrev  0x00000656       0x9c ECUAL/LED Driver/led.o
 .debug_abbrev  0x000006f2       0x65 main.o
 .debug_abbrev  0x00000757       0x8b MCAL/DIO Driver/dio.o
 .debug_abbrev  0x000007e2       0xcf MCAL/Ext interrupt Driver/interrupt.o
 .debug_abbrev  0x000008b1       0xf2 MCAL/Timer0 Driver/timer.o

.debug_line     0x00000000     0x101d
 *(.debug_line .debug_line.* .debug_line_end)
 .debug_line    0x00000000      0x116 D:/career/Atmel/7.0/Packs/atmel/ATmega_DFP/1.7.374/gcc/dev/atmega32a/avr5/crtatmega32a.o
 .debug_line    0x00000116      0x3a7 Application/application.o
 .debug_line    0x000004bd      0x10b ECUAL/Button Driver/button.o
 .debug_line    0x000005c8      0x128 ECUAL/LED Driver/led.o
 .debug_line    0x000006f0       0x6d main.o
 .debug_line    0x0000075d      0x2de MCAL/DIO Driver/dio.o
 .debug_line    0x00000a3b      0x2e5 MCAL/Ext interrupt Driver/interrupt.o
 .debug_line    0x00000d20      0x2fd MCAL/Timer0 Driver/timer.o

.debug_frame    0x00000000      0x264
 *(.debug_frame)
 .debug_frame   0x00000000       0x54 Application/application.o
 .debug_frame   0x00000054       0x44 ECUAL/Button Driver/button.o
 .debug_frame   0x00000098       0x54 ECUAL/LED Driver/led.o
 .debug_frame   0x000000ec       0x24 main.o
 .debug_frame   0x00000110       0x54 MCAL/DIO Driver/dio.o
 .debug_frame   0x00000164       0x60 MCAL/Ext interrupt Driver/interrupt.o
 .debug_frame   0x000001c4       0xa0 MCAL/Timer0 Driver/timer.o

.debug_str      0x00000000      0x63c
 *(.debug_str)
 .debug_str     0x00000000      0x196 D:/career/Atmel/7.0/Packs/atmel/ATmega_DFP/1.7.374/gcc/dev/atmega32a/avr5/crtatmega32a.o
 .debug_str     0x00000196      0x23f Application/application.o
                                0x26c (size before relaxing)
 .debug_str     0x000003d5       0x8d ECUAL/Button Driver/button.o
                                0x24d (size before relaxing)
 .debug_str     0x00000462       0x46 ECUAL/LED Driver/led.o
                                0x240 (size before relaxing)
 .debug_str     0x000004a8       0x11 main.o
                                0x1cb (size before relaxing)
 .debug_str     0x000004b9       0x44 MCAL/DIO Driver/dio.o
                                0x235 (size before relaxing)
 .debug_str     0x000004fd       0x8b MCAL/Ext interrupt Driver/interrupt.o
                                0x254 (size before relaxing)
 .debug_str     0x00000588       0xb4 MCAL/Timer0 Driver/timer.o
                                0x297 (size before relaxing)

.debug_loc      0x00000000      0xbc9
 *(.debug_loc)
 .debug_loc     0x00000000      0x1b1 Application/application.o
 .debug_loc     0x000001b1      0x128 ECUAL/Button Driver/button.o
 .debug_loc     0x000002d9      0x108 ECUAL/LED Driver/led.o
 .debug_loc     0x000003e1      0x3a4 MCAL/DIO Driver/dio.o
 .debug_loc     0x00000785      0x199 MCAL/Ext interrupt Driver/interrupt.o
 .debug_loc     0x0000091e      0x2ab MCAL/Timer0 Driver/timer.o

.debug_macinfo
 *(.debug_macinfo)

.debug_weaknames
 *(.debug_weaknames)

.debug_funcnames
 *(.debug_funcnames)

.debug_typenames
 *(.debug_typenames)

.debug_varnames
 *(.debug_varnames)

.debug_pubtypes
 *(.debug_pubtypes)

.debug_ranges   0x00000000      0x108
 *(.debug_ranges)
 .debug_ranges  0x00000000       0x20 Application/application.o
 .debug_ranges  0x00000020       0x18 ECUAL/Button Driver/button.o
 .debug_ranges  0x00000038       0x28 ECUAL/LED Driver/led.o
 .debug_ranges  0x00000060       0x10 main.o
 .debug_ranges  0x00000070       0x28 MCAL/DIO Driver/dio.o
 .debug_ranges  0x00000098       0x28 MCAL/Ext interrupt Driver/interrupt.o
 .debug_ranges  0x000000c0       0x48 MCAL/Timer0 Driver/timer.o

.debug_macro
 *(.debug_macro)
OUTPUT(traffic light.elf elf32-avr)
LOAD linker stubs
